2025-06-24 10:32:00 | DEBUG | repo=pv243-a4m36jee-2016-infinispan-seminar | action=test | passed=true
2025-01-02 07:58:00 | INFO | repo=pv243-a4m36jee-2016-infinispan-seminar | action=pull
2025-02-10 17:11:00 | DEBUG | repo=pv243-a4m36jee-2016-infinispan-seminar | action=edit | files=3
2025-07-21 16:26:00 | INFO | repo=pv243-a4m36jee-2016-infinispan-seminar | action=edit | files=5
2025-06-19 07:58:00 | DEBUG | repo=pv243-a4m36jee-2016-infinispan-seminar | action=edit | files=2
2025-12-01 10:06:00 | DEBUG | repo=pv243-a4m36jee-2016-infinispan-seminar | action=test | passed=true
2025-07-17 16:05:00 | DEBUG | repo=pv243-a4m36jee-2016-infinispan-seminar | action=commit
2025-04-18 20:33:00 | WARN | repo=pv243-a4m36jee-2016-infinispan-seminar | action=commit
2025-01-14 19:17:00 | DEBUG | repo=pv243-a4m36jee-2016-infinispan-seminar | action=commit
2025-05-09 15:09:00 | WARN | repo=pv243-a4m36jee-2016-infinispan-seminar | action=pull
2025-06-16 15:17:00 | WARN | repo=pv243-a4m36jee-2016-infinispan-seminar | action=test | passed=true
2025-11-24 20:49:00 | INFO | repo=pv243-a4m36jee-2016-infinispan-seminar | action=commit
2025-09-09 18:09:00 | WARN | repo=pv243-a4m36jee-2016-infinispan-seminar | action=commit
2025-07-01 16:22:00 | INFO | repo=pv243-a4m36jee-2016-infinispan-seminar | action=commit
2025-07-17 10:53:00 | INFO | repo=pv243-a4m36jee-2016-infinispan-seminar | action=commit
2025-01-12 14:06:00 | WARN | repo=pv243-a4m36jee-2016-infinispan-seminar | action=commit
2025-11-10 10:13:00 | WARN | repo=pv243-a4m36jee-2016-infinispan-seminar | action=commit
2025-08-15 17:29:00 | DEBUG | repo=pv243-a4m36jee-2016-infinispan-seminar | action=commit
2025-07-23 18:59:00 | WARN | repo=pv243-a4m36jee-2016-infinispan-seminar | action=pull
2025-11-22 18:10:00 | DEBUG | repo=pv243-a4m36jee-2016-infinispan-seminar | action=commit
2025-05-04 19:28:00 | DEBUG | repo=pv243-a4m36jee-2016-infinispan-seminar | action=edit | files=2
2025-03-03 19:13:00 | INFO | repo=pv243-a4m36jee-2016-infinispan-seminar | action=commit
2025-03-21 10:31:00 | INFO | repo=pv243-a4m36jee-2016-infinispan-seminar | action=test | passed=true
2025-05-15 16:02:00 | WARN | repo=pv243-a4m36jee-2016-infinispan-seminar | action=pull
2025-04-12 21:31:00 | INFO | repo=pv243-a4m36jee-2016-infinispan-seminar | action=commit
2025-08-03 10:57:00 | INFO | repo=pv243-a4m36jee-2016-infinispan-seminar | action=pull
2025-06-25 21:27:00 | WARN | repo=pv243-a4m36jee-2016-infinispan-seminar | action=commit
2025-02-07 21:55:00 | WARN | repo=pv243-a4m36jee-2016-infinispan-seminar | action=pull
2025-04-04 08:01:00 | WARN | repo=pv243-a4m36jee-2016-infinispan-seminar | action=commit
2025-09-27 08:08:00 | WARN | repo=pv243-a4m36jee-2016-infinispan-seminar | action=pull
2025-05-21 07:40:00 | DEBUG | repo=pv243-a4m36jee-2016-infinispan-seminar | action=test | passed=true
2025-06-28 16:57:00 | WARN | repo=pv243-a4m36jee-2016-infinispan-seminar | action=commit
2025-11-13 09:51:00 | DEBUG | repo=pv243-a4m36jee-2016-infinispan-seminar | action=commit
2025-08-11 08:04:00 | WARN | repo=pv243-a4m36jee-2016-infinispan-seminar | action=commit
2025-10-05 15:32:00 | DEBUG | repo=pv243-a4m36jee-2016-infinispan-seminar | action=test | passed=true
2025-02-06 12:09:00 | INFO | repo=pv243-a4m36jee-2016-infinispan-seminar | action=commit
2025-09-04 11:38:00 | INFO | repo=pv243-a4m36jee-2016-infinispan-seminar | action=commit
2025-08-18 20:27:00 | INFO | repo=pv243-a4m36jee-2016-infinispan-seminar | action=commit
2025-09-12 21:19:00 | WARN | repo=pv243-a4m36jee-2016-infinispan-seminar | action=test | passed=true
2025-09-21 12:00:00 | INFO | repo=pv243-a4m36jee-2016-infinispan-seminar | action=edit | files=1
2025-10-20 11:54:00 | DEBUG | repo=pv243-a4m36jee-2016-infinispan-seminar | action=pull
2025-06-28 14:51:00 | WARN | repo=pv243-a4m36jee-2016-infinispan-seminar | action=test | passed=true
2025-10-21 08:55:00 | DEBUG | repo=pv243-a4m36jee-2016-infinispan-seminar | action=commit
2025-02-23 20:48:00 | INFO | repo=pv243-a4m36jee-2016-infinispan-seminar | action=commit
2025-11-23 07:57:00 | INFO | repo=pv243-a4m36jee-2016-infinispan-seminar | action=commit
2025-06-22 14:48:00 | WARN | repo=pv243-a4m36jee-2016-infinispan-seminar | action=pull
2025-08-04 11:53:00 | WARN | repo=pv243-a4m36jee-2016-infinispan-seminar | action=edit | files=4
2025-03-25 11:54:00 | INFO | repo=pv243-a4m36jee-2016-infinispan-seminar | action=pull
2025-03-18 12:54:00 | DEBUG | repo=pv243-a4m36jee-2016-infinispan-seminar | action=commit
2025-05-11 19:20:00 | WARN | repo=pv243-a4m36jee-2016-infinispan-seminar | action=test | passed=true
2025-08-06 21:13:00 | WARN | repo=pv243-a4m36jee-2016-infinispan-seminar | action=commit
2025-03-04 21:27:00 | DEBUG | repo=pv243-a4m36jee-2016-infinispan-seminar | action=test | passed=true
2025-05-28 17:08:00 | DEBUG | repo=pv243-a4m36jee-2016-infinispan-seminar | action=commit
2025-12-05 13:31:00 | DEBUG | repo=pv243-a4m36jee-2016-infinispan-seminar | action=pull
2025-06-25 18:55:00 | WARN | repo=pv243-a4m36jee-2016-infinispan-seminar | action=commit
2025-01-21 09:50:00 | DEBUG | repo=pv243-a4m36jee-2016-infinispan-seminar | action=edit | files=5
2025-02-25 10:36:00 | INFO | repo=pv243-a4m36jee-2016-infinispan-seminar | action=commit
2025-08-11 10:50:00 | DEBUG | repo=pv243-a4m36jee-2016-infinispan-seminar | action=test | passed=true
2025-03-03 08:28:00 | WARN | repo=pv243-a4m36jee-2016-infinispan-seminar | action=commit
2025-03-04 08:35:00 | INFO | repo=pv243-a4m36jee-2016-infinispan-seminar | action=commit
2025-06-28 08:48:00 | INFO | repo=pv243-a4m36jee-2016-infinispan-seminar | action=test | passed=true
2025-08-16 20:46:00 | WARN | repo=pv243-a4m36jee-2016-infinispan-seminar | action=pull
2025-04-10 09:00:00 | INFO | repo=pv243-a4m36jee-2016-infinispan-seminar | action=commit
2025-07-16 12:47:00 | INFO | repo=pv243-a4m36jee-2016-infinispan-seminar | action=pull
2025-12-15 18:51:00 | INFO | repo=pv243-a4m36jee-2016-infinispan-seminar | action=commit
2025-09-12 18:57:00 | DEBUG | repo=pv243-a4m36jee-2016-infinispan-seminar | action=commit
